[
  [
    "CompleteCommand_CList",
    [
      "CList_AndOr",
      [
        "AndOr_Pipeline",
        [
          "Pipeline_PipeSequence",
          [
            "PipeSequence_Command",
            [
              "Command_SimpleCommand",
              [
                "SimpleCommand_CmdPrefix_CmdWord_CmdSuffix",
                [
                  "CmdPrefix_CmdPrefix_AssignmentWord",
                  [
                    "CmdPrefix_CmdPrefix_AssignmentWord",
                    [
                      "CmdPrefix_AssignmentWord",
                      [ [ "Name", "x" ], [ "Word", "2", [] ] ]
                    ],
                    [ [ "Name", "y" ], [ "Word", "3", [] ] ]
                  ],
                  [ [ "Name", "z" ], [ "Word", "4", [] ] ]
                ],
                [ "CmdWord_Word", [ "Word", ":", [] ] ],
                [ "CmdSuffix_Word", [ "Word", "/bin/true", [] ] ]
              ]
            ]
          ]
        ]
      ]
    ]
  ],
  [
    "CompleteCommand_CList",
    [
      "CList_AndOr",
      [
        "AndOr_Pipeline",
        [
          "Pipeline_PipeSequence",
          [
            "PipeSequence_Command",
            [
              "Command_SimpleCommand",
              [
                "SimpleCommand_CmdName_CmdSuffix",
                [
                  "CmdName_Word",
                  [ "Word", "echo", [ [ "WordName", "echo" ] ] ]
                ],
                [
                  "CmdSuffix_CmdSuffix_Word",
                  [ "CmdSuffix_Word", [ "Word", "2", [] ] ],
                  [ "Word", "3", [] ]
                ]
              ]
            ]
          ]
        ]
      ]
    ]
  ]
]